[36mvite v5.4.11 [32mbuilding SSR bundle for production...[36m[39m
transforming...
[32mÔ£ô[39m 103 modules transformed.
rendering chunks...
[plugin:vite:reporter] [plugin vite:reporter] 
(!) C:/Users/malco/Documents/Agua_VP_Electron/AguaVP/src/fetch/rutas.js is dynamically imported by C:/Users/malco/Documents/Agua_VP_Electron/AguaVP/src/main/ipc/ipcHandlersGRutas.js but also statically imported by C:/Users/malco/Documents/Agua_VP_Electron/AguaVP/src/main/ipc/ipcHandlersGRutas.js, dynamic import will not move module into another chunk.

[2mout/main/[22m[36mmultipart-parser-Dd-4IT4v.js  [39m[1m[2m 10.11 kB[22m[1m[22m
[2mout/main/[22m[36mindex.js                      [39m[1m[33m618.82 kB[39m[22m
[32mÔ£ô built in 1.91s[39m
[36mvite v5.4.11 [32mbuilding SSR bundle for production...[36m[39m
transforming...
[32mÔ£ô[39m 1 modules transformed.
rendering chunks...
[2mout/preload/[22m[36mindex.js  [39m[1m[2m11.73 kB[22m[1m[22m
[32mÔ£ô built in 29ms[39m
[36mvite v5.4.11 [32mbuilding for production...[36m[39m
transforming...
[32mÔ£ô[39m 2298 modules transformed.
rendering chunks...
[plugin:vite:reporter] [plugin vite:reporter] 
(!) C:/Users/malco/Documents/Agua_VP_Electron/AguaVP/node_modules/leaflet/dist/leaflet-src.js is dynamically imported by C:/Users/malco/Documents/Agua_VP_Electron/AguaVP/src/renderer/src/components/mapa/MapaLecturas.jsx, C:/Users/malco/Documents/Agua_VP_Electron/AguaVP/src/renderer/src/components/mapa/MapaMedidores.jsx but also statically imported by C:/Users/malco/Documents/Agua_VP_Electron/AguaVP/node_modules/@react-leaflet/core/lib/dom.js, C:/Users/malco/Documents/Agua_VP_Electron/AguaVP/node_modules/@react-leaflet/core/lib/media-overlay.js, C:/Users/malco/Documents/Agua_VP_Electron/AguaVP/node_modules/react-leaflet/lib/AttributionControl.js, C:/Users/malco/Documents/Agua_VP_Electron/AguaVP/node_modules/react-leaflet/lib/Circle.js, C:/Users/malco/Documents/Agua_VP_Electron/AguaVP/node_modules/react-leaflet/lib/CircleMarker.js, C:/Users/malco/Documents/Agua_VP_Electron/AguaVP/node_modules/react-leaflet/lib/FeatureGroup.js, C:/Users/malco/Documents/Agua_VP_Electron/AguaVP/node_modules/react-leaflet/lib/GeoJSON.js, C:/Users/malco/Documents/Agua_VP_Electron/AguaVP/node_modules/react-leaflet/lib/ImageOverlay.js, C:/Users/malco/Documents/Agua_VP_Electron/AguaVP/node_modules/react-leaflet/lib/LayerGroup.js, C:/Users/malco/Documents/Agua_VP_Electron/AguaVP/node_modules/react-leaflet/lib/LayersControl.js, C:/Users/malco/Documents/Agua_VP_Electron/AguaVP/node_modules/react-leaflet/lib/MapContainer.js, C:/Users/malco/Documents/Agua_VP_Electron/AguaVP/node_modules/react-leaflet/lib/Marker.js, C:/Users/malco/Documents/Agua_VP_Electron/AguaVP/node_modules/react-leaflet/lib/Polygon.js, C:/Users/malco/Documents/Agua_VP_Electron/AguaVP/node_modules/react-leaflet/lib/Polyline.js, C:/Users/malco/Documents/Agua_VP_Electron/AguaVP/node_modules/react-leaflet/lib/Popup.js, C:/Users/malco/Documents/Agua_VP_Electron/AguaVP/node_modules/react-leaflet/lib/Rectangle.js, C:/Users/malco/Documents/Agua_VP_Electron/AguaVP/node_modules/react-leaflet/lib/SVGOverlay.js, C:/Users/malco/Documents/Agua_VP_Electron/AguaVP/node_modules/react-leaflet/lib/ScaleControl.js, C:/Users/malco/Documents/Agua_VP_Electron/AguaVP/node_modules/react-leaflet/lib/TileLayer.js, C:/Users/malco/Documents/Agua_VP_Electron/AguaVP/node_modules/react-leaflet/lib/Tooltip.js, C:/Users/malco/Documents/Agua_VP_Electron/AguaVP/node_modules/react-leaflet/lib/VideoOverlay.js, C:/Users/malco/Documents/Agua_VP_Electron/AguaVP/node_modules/react-leaflet/lib/WMSTileLayer.js, C:/Users/malco/Documents/Agua_VP_Electron/AguaVP/node_modules/react-leaflet/lib/ZoomControl.js, C:/Users/malco/Documents/Agua_VP_Electron/AguaVP/src/renderer/src/components/mapa/MapaRutas.jsx, C:/Users/malco/Documents/Agua_VP_Electron/AguaVP/src/renderer/src/components/mapa/SelectorCoordenadas.jsx, dynamic import will not move module into another chunk.

[plugin:vite:reporter] [plugin vite:reporter] 
(!) C:/Users/malco/Documents/Agua_VP_Electron/AguaVP/node_modules/leaflet/dist/leaflet.css is dynamically imported by C:/Users/malco/Documents/Agua_VP_Electron/AguaVP/src/renderer/src/components/mapa/MapaLecturas.jsx but also statically imported by C:/Users/malco/Documents/Agua_VP_Electron/AguaVP/src/renderer/src/components/mapa/MapaRutas.jsx, C:/Users/malco/Documents/Agua_VP_Electron/AguaVP/src/renderer/src/components/mapa/SelectorCoordenadas.jsx, dynamic import will not move module into another chunk.

[2m../../out/renderer/[22m[32mindex.html                                            [39m[1m[2m    0.67 kB[22m[1m[22m
[2m../../out/renderer/[22m[32massets/KaTeX_Size3-Regular-CTq5MqoE.woff              [39m[1m[2m    4.42 kB[22m[1m[22m
[2m../../out/renderer/[22m[32massets/KaTeX_Size4-Regular-Dl5lxZxV.woff2             [39m[1m[2m    4.93 kB[22m[1m[22m
[2m../../out/renderer/[22m[32massets/KaTeX_Size2-Regular-Dy4dx90m.woff2             [39m[1m[2m    5.21 kB[22m[1m[22m
[2m../../out/renderer/[22m[32massets/Avatar-B_AlTzlG.png                            [39m[1m[2m    5.28 kB[22m[1m[22m
[2m../../out/renderer/[22m[32massets/KaTeX_Size1-Regular-mCD8mA8B.woff2             [39m[1m[2m    5.47 kB[22m[1m[22m
[2m../../out/renderer/[22m[32massets/KaTeX_Size4-Regular-BF-4gkZK.woff              [39m[1m[2m    5.98 kB[22m[1m[22m
[2m../../out/renderer/[22m[32massets/KaTeX_Size2-Regular-oD1tc_U0.woff              [39m[1m[2m    6.19 kB[22m[1m[22m
[2m../../out/renderer/[22m[32massets/KaTeX_Size1-Regular-C195tn64.woff              [39m[1m[2m    6.50 kB[22m[1m[22m
[2m../../out/renderer/[22m[32massets/Markador_azul_Agua_VP-DrTII5WP.svg             [39m[1m[2m    6.77 kB[22m[1m[22m
[2m../../out/renderer/[22m[32massets/KaTeX_Caligraphic-Regular-Di6jR-x-.woff2       [39m[1m[2m    6.91 kB[22m[1m[22m
[2m../../out/renderer/[22m[32massets/KaTeX_Caligraphic-Bold-Dq_IR9rO.woff2          [39m[1m[2m    6.91 kB[22m[1m[22m
[2m../../out/renderer/[22m[32massets/KaTeX_Size3-Regular-DgpXs0kz.ttf               [39m[1m[2m    7.59 kB[22m[1m[22m
[2m../../out/renderer/[22m[32massets/KaTeX_Caligraphic-Regular-CTRA-rTL.woff        [39m[1m[2m    7.66 kB[22m[1m[22m
[2m../../out/renderer/[22m[32massets/KaTeX_Caligraphic-Bold-BEiXGLvX.woff           [39m[1m[2m    7.72 kB[22m[1m[22m
[2m../../out/renderer/[22m[32massets/KaTeX_Script-Regular-D3wIWfF6.woff2            [39m[1m[2m    9.64 kB[22m[1m[22m
[2m../../out/renderer/[22m[32massets/KaTeX_SansSerif-Regular-DDBCnlJ7.woff2         [39m[1m[2m   10.34 kB[22m[1m[22m
[2m../../out/renderer/[22m[32massets/KaTeX_Size4-Regular-DWFBv043.ttf               [39m[1m[2m   10.36 kB[22m[1m[22m
[2m../../out/renderer/[22m[32massets/KaTeX_Script-Regular-D5yQViql.woff             [39m[1m[2m   10.59 kB[22m[1m[22m
[2m../../out/renderer/[22m[32massets/KaTeX_Fraktur-Regular-CTYiF6lA.woff2           [39m[1m[2m   11.32 kB[22m[1m[22m
[2m../../out/renderer/[22m[32massets/KaTeX_Fraktur-Bold-CL6g_b3V.woff2              [39m[1m[2m   11.35 kB[22m[1m[22m
[2m../../out/renderer/[22m[32massets/KaTeX_Size2-Regular-B7gKUWhC.ttf               [39m[1m[2m   11.51 kB[22m[1m[22m
[2m../../out/renderer/[22m[32massets/KaTeX_SansSerif-Italic-C3H0VqGB.woff2          [39m[1m[2m   12.03 kB[22m[1m[22m
[2m../../out/renderer/[22m[32massets/KaTeX_SansSerif-Bold-D1sUS0GD.woff2            [39m[1m[2m   12.22 kB[22m[1m[22m
[2m../../out/renderer/[22m[32massets/KaTeX_Size1-Regular-Dbsnue_I.ttf               [39m[1m[2m   12.23 kB[22m[1m[22m
[2m../../out/renderer/[22m[32massets/KaTeX_SansSerif-Regular-CS6fqUqJ.woff          [39m[1m[2m   12.32 kB[22m[1m[22m
[2m../../out/renderer/[22m[32massets/KaTeX_Caligraphic-Regular-wX97UBjC.ttf         [39m[1m[2m   12.34 kB[22m[1m[22m
[2m../../out/renderer/[22m[32massets/KaTeX_Caligraphic-Bold-ATXxdsX0.ttf            [39m[1m[2m   12.37 kB[22m[1m[22m
[2m../../out/renderer/[22m[32massets/KaTeX_Fraktur-Regular-Dxdc4cR9.woff            [39m[1m[2m   13.21 kB[22m[1m[22m
[2m../../out/renderer/[22m[32massets/KaTeX_Fraktur-Bold-BsDP51OF.woff               [39m[1m[2m   13.30 kB[22m[1m[22m
[2m../../out/renderer/[22m[32massets/KaTeX_Typewriter-Regular-CO6r4hn1.woff2        [39m[1m[2m   13.57 kB[22m[1m[22m
[2m../../out/renderer/[22m[32massets/KaTeX_SansSerif-Italic-DN2j7dab.woff           [39m[1m[2m   14.11 kB[22m[1m[22m
[2m../../out/renderer/[22m[32massets/KaTeX_SansSerif-Bold-DbIhKOiC.woff             [39m[1m[2m   14.41 kB[22m[1m[22m
[2m../../out/renderer/[22m[32massets/KaTeX_Typewriter-Regular-C0xS9mPB.woff         [39m[1m[2m   16.03 kB[22m[1m[22m
[2m../../out/renderer/[22m[32massets/KaTeX_Math-BoldItalic-CZnvNsCZ.woff2           [39m[1m[2m   16.40 kB[22m[1m[22m
[2m../../out/renderer/[22m[32massets/KaTeX_Math-Italic-t53AETM-.woff2               [39m[1m[2m   16.44 kB[22m[1m[22m
[2m../../out/renderer/[22m[32massets/KaTeX_Script-Regular-C5JkGWo-.ttf              [39m[1m[2m   16.65 kB[22m[1m[22m
[2m../../out/renderer/[22m[32massets/KaTeX_Main-BoldItalic-DxDJ3AOS.woff2           [39m[1m[2m   16.78 kB[22m[1m[22m
[2m../../out/renderer/[22m[32massets/KaTeX_Main-Italic-NWA7e6Wa.woff2               [39m[1m[2m   16.99 kB[22m[1m[22m
[2m../../out/renderer/[22m[32massets/KaTeX_Math-BoldItalic-iY-2wyZ7.woff            [39m[1m[2m   18.67 kB[22m[1m[22m
[2m../../out/renderer/[22m[32massets/KaTeX_Math-Italic-DA0__PXp.woff                [39m[1m[2m   18.75 kB[22m[1m[22m
[2m../../out/renderer/[22m[32massets/KaTeX_Main-BoldItalic-SpSLRI95.woff            [39m[1m[2m   19.41 kB[22m[1m[22m
[2m../../out/renderer/[22m[32massets/KaTeX_SansSerif-Regular-BNo7hRIc.ttf           [39m[1m[2m   19.44 kB[22m[1m[22m
[2m../../out/renderer/[22m[32massets/KaTeX_Fraktur-Regular-CB_wures.ttf             [39m[1m[2m   19.57 kB[22m[1m[22m
[2m../../out/renderer/[22m[32massets/KaTeX_Fraktur-Bold-BdnERNNW.ttf                [39m[1m[2m   19.58 kB[22m[1m[22m
[2m../../out/renderer/[22m[32massets/KaTeX_Main-Italic-BMLOBm91.woff                [39m[1m[2m   19.68 kB[22m[1m[22m
[2m../../out/renderer/[22m[32massets/nacori_mapa_ruta1-BlhXjc8O.png                 [39m[1m[2m   21.95 kB[22m[1m[22m
[2m../../out/renderer/[22m[32massets/KaTeX_SansSerif-Italic-YYjJ1zSn.ttf            [39m[1m[2m   22.36 kB[22m[1m[22m
[2m../../out/renderer/[22m[32massets/Adivino_mapa_ruta-CKzqsbQ9.png                 [39m[1m[2m   22.81 kB[22m[1m[22m
[2m../../out/renderer/[22m[32massets/KaTeX_SansSerif-Bold-CFMepnvq.ttf              [39m[1m[2m   24.50 kB[22m[1m[22m
[2m../../out/renderer/[22m[32massets/KaTeX_Main-Bold-Cx986IdX.woff2                 [39m[1m[2m   25.32 kB[22m[1m[22m
[2m../../out/renderer/[22m[32massets/KaTeX_Main-Regular-B22Nviop.woff2              [39m[1m[2m   26.27 kB[22m[1m[22m
[2m../../out/renderer/[22m[32massets/KaTeX_Typewriter-Regular-D3Ib7_Hf.ttf          [39m[1m[2m   27.56 kB[22m[1m[22m
[2m../../out/renderer/[22m[32massets/KaTeX_AMS-Regular-BQhdFMY1.woff2               [39m[1m[2m   28.08 kB[22m[1m[22m
[2m../../out/renderer/[22m[32massets/KaTeX_Main-Bold-Jm3AIy58.woff                  [39m[1m[2m   29.91 kB[22m[1m[22m
[2m../../out/renderer/[22m[32massets/KaTeX_Main-Regular-Dr94JaBh.woff               [39m[1m[2m   30.77 kB[22m[1m[22m
[2m../../out/renderer/[22m[32massets/KaTeX_Math-BoldItalic-B3XSjfu4.ttf             [39m[1m[2m   31.20 kB[22m[1m[22m
[2m../../out/renderer/[22m[32massets/KaTeX_Math-Italic-flOr_0UB.ttf                 [39m[1m[2m   31.31 kB[22m[1m[22m
[2m../../out/renderer/[22m[32massets/logo_login-BPL_iINd.png                        [39m[1m[2m   32.55 kB[22m[1m[22m
[2m../../out/renderer/[22m[32massets/Matape_mapa_ruta-v8vM56aB.png                  [39m[1m[2m   32.68 kB[22m[1m[22m
[2m../../out/renderer/[22m[32massets/KaTeX_Main-BoldItalic-DzxPMmG6.ttf             [39m[1m[2m   32.97 kB[22m[1m[22m
[2m../../out/renderer/[22m[32massets/KaTeX_AMS-Regular-DMm9YOAa.woff                [39m[1m[2m   33.52 kB[22m[1m[22m
[2m../../out/renderer/[22m[32massets/KaTeX_Main-Italic-3WenGoN9.ttf                 [39m[1m[2m   33.58 kB[22m[1m[22m
[2m../../out/renderer/[22m[32massets/LoginPrueba2-5Sdw-CnO.jpg                      [39m[1m[2m   48.69 kB[22m[1m[22m
[2m../../out/renderer/[22m[32massets/KaTeX_Main-Bold-waoOVXN0.ttf                   [39m[1m[2m   51.34 kB[22m[1m[22m
[2m../../out/renderer/[22m[32massets/KaTeX_Main-Regular-ypZvNtVU.ttf                [39m[1m[2m   53.58 kB[22m[1m[22m
[2m../../out/renderer/[22m[32massets/KaTeX_AMS-Regular-DRggAlZN.ttf                 [39m[1m[2m   63.63 kB[22m[1m[22m
[2m../../out/renderer/[22m[32massets/Escudo_Villa_Pesqueira_sin_fondo-cjobytSU.png  [39m[1m[2m  288.48 kB[22m[1m[22m
[2m../../out/renderer/[22m[32massets/LoginPrueba-DFkrh2nH.jpg                       [39m[1m[2m  481.04 kB[22m[1m[22m
[2m../../out/renderer/[22m[32massets/LoginPrueba3-BWbGH7S_.jpg                      [39m[1m[2m1,275.75 kB[22m[1m[22m
[2m../../out/renderer/[22m[35massets/index-Ds9rhyEe.css                             [39m[1m[2m  481.74 kB[22m[1m[22m
[2m../../out/renderer/[22m[36massets/index-Cknz7mJL.js                              [39m[1m[2m    0.13 kB[22m[1m[22m
[2m../../out/renderer/[22m[36massets/index-C7s1vEHs.js                              [39m[1m[2m   11.51 kB[22m[1m[22m
[2m../../out/renderer/[22m[36massets/index-ByA0-OyF.js                              [39m[1m[33m6,047.08 kB[39m[22m
[32mÔ£ô built in 42.14s[39m
